[    5271ms] [ERROR] Flag key "headerUpgradeCta" does not exist in PostHog flag store @ https://frontend-assets.supabase.com/studio/89e291adecd8/_next/static/chunks/0awe-cgxr6t0e.js?dpl=dpl_BcwLyW5gdEP9f6BmxPVcmPsH4zmf:12
[    5281ms] [ERROR] Flag key "headerUpgradeCta" does not exist in PostHog flag store @ https://frontend-assets.supabase.com/studio/89e291adecd8/_next/static/chunks/0awe-cgxr6t0e.js?dpl=dpl_BcwLyW5gdEP9f6BmxPVcmPsH4zmf:12
[    5413ms] [ERROR] Failed to load resource: the server responded with a status of 401 () @ https://api.supabase.com/platform/projects/qfzhdrzfzlukfbyubwov:0
[    5414ms] [ERROR] Failed to load resource: the server responded with a status of 401 () @ https://api.supabase.com/platform/projects/qfzhdrzfzlukfbyubwov/settings:0
[    5422ms] [ERROR] Failed to load resource: the server responded with a status of 401 () @ https://api.supabase.com/platform/projects/qfzhdrzfzlukfbyubwov/config/supavisor:0
[    5422ms] [ERROR] Failed to load resource: the server responded with a status of 401 () @ https://api.supabase.com/platform/projects/qfzhdrzfzlukfbyubwov/billing/addons:0
[    5422ms] [ERROR] Failed to load resource: the server responded with a status of 401 () @ https://api.supabase.com/platform/projects-resource-warnings?ref=qfzhdrzfzlukfbyubwov:0
[    5422ms] [ERROR] Failed to load resource: the server responded with a status of 401 () @ https://api.supabase.com/v1/projects/qfzhdrzfzlukfbyubwov/network-restrictions:0
[    5422ms] [ERROR] Failed to load resource: the server responded with a status of 401 () @ https://api.supabase.com/v1/projects/qfzhdrzfzlukfbyubwov/network-bans/retrieve:0
[    5425ms] [ERROR] Failed to load resource: the server responded with a status of 401 () @ https://api.supabase.com/v1/projects/qfzhdrzfzlukfbyubwov/ssl-enforcement:0
[    5596ms] [ERROR] Failed to load resource: the server responded with a status of 401 () @ https://api.supabase.com/platform/projects/qfzhdrzfzlukfbyubwov/config/pgbouncer:0
[    7279ms] [WARNING] [Warning] Please install/enable Redux devtools extension @ https://frontend-assets.supabase.com/studio/89e291adecd8/_next/static/chunks/0awe-cgxr6t0e.js?dpl=dpl_BcwLyW5gdEP9f6BmxPVcmPsH4zmf:12
[   12198ms] [ERROR] Connecting to 'https://analytics.google.com/g/collect?a=adblocker_check' violates the following Content Security Policy directive: "default-src 'self' https://api.supabase.com http://localhost:8000 https://auth.supabase.io https://otqhrpbxhxkrhrnjqbba.supabase.co ws://localhost:8000 wss://localhost:8000 https://*.supabase.co https://*.storage.supabase.co wss://*.supabase.co https://*.hcaptcha.com https://cdn-global.configcat.com https://configcat.supabase.com https://*.stripe.com https://*.stripe.network https://www.cloudflare.com https://*.vercel-insights.com https://api.github.com https://raw.githubusercontent.com https://frontend-assets.supabase.com https://*.usercentrics.eu https://ss.supabase.com https://maps.googleapis.com https://ph.supabase.com https://cdnjs.cloudflare.com wss://*.pusher.com https://*.ingest.sentry.io https://*.ingest.us.sentry.io https://*.ingest.de.sentry.io". Note that 'connect-src' was not explicitly set, so 'default-src' is used as a fallback. The action has been blocked. @ https://frontend-assets.supabase.com/studio/89e291adecd8/_next/static/chunks/0awe-cgxr6t0e.js?dpl=dpl_BcwLyW5gdEP9f6BmxPVcmPsH4zmf:12
[   12198ms] [ERROR] Fetch API cannot load https://analytics.google.com/g/collect?a=adblocker_check. Refused to connect because it violates the document's Content Security Policy. @ https://frontend-assets.supabase.com/studio/89e291adecd8/_next/static/chunks/0awe-cgxr6t0e.js?dpl=dpl_BcwLyW5gdEP9f6BmxPVcmPsH4zmf:12
[   72708ms] [ERROR] Flag key "headerUpgradeCta" does not exist in PostHog flag store @ https://frontend-assets.supabase.com/studio/89e291adecd8/_next/static/chunks/0awe-cgxr6t0e.js?dpl=dpl_BcwLyW5gdEP9f6BmxPVcmPsH4zmf:12
[   72762ms] [ERROR] Flag key "headerUpgradeCta" does not exist in PostHog flag store @ https://frontend-assets.supabase.com/studio/89e291adecd8/_next/static/chunks/0awe-cgxr6t0e.js?dpl=dpl_BcwLyW5gdEP9f6BmxPVcmPsH4zmf:12
[   72900ms] [ERROR] Flag key "headerUpgradeCta" does not exist in PostHog flag store @ https://frontend-assets.supabase.com/studio/89e291adecd8/_next/static/chunks/0awe-cgxr6t0e.js?dpl=dpl_BcwLyW5gdEP9f6BmxPVcmPsH4zmf:12
[   72905ms] [LOG] Supabase Studio is running commit 89e291adecd87fb3802a4cca4dbbdf2bdd78cf19 deployed at 2026-05-04 14:36:05 +08:00. @ https://frontend-assets.supabase.com/studio/89e291adecd8/_next/static/chunks/0awe-cgxr6t0e.js?dpl=dpl_BcwLyW5gdEP9f6BmxPVcmPsH4zmf:12
[   72909ms] [ERROR] Flag key "headerUpgradeCta" does not exist in PostHog flag store @ https://frontend-assets.supabase.com/studio/89e291adecd8/_next/static/chunks/0awe-cgxr6t0e.js?dpl=dpl_BcwLyW5gdEP9f6BmxPVcmPsH4zmf:12
[   73067ms] [WARNING] [Warning] Please install/enable Redux devtools extension @ https://frontend-assets.supabase.com/studio/89e291adecd8/_next/static/chunks/0awe-cgxr6t0e.js?dpl=dpl_BcwLyW5gdEP9f6BmxPVcmPsH4zmf:12
[   73171ms] [ERROR] Flag key "headerUpgradeCta" does not exist in PostHog flag store @ https://frontend-assets.supabase.com/studio/89e291adecd8/_next/static/chunks/0awe-cgxr6t0e.js?dpl=dpl_BcwLyW5gdEP9f6BmxPVcmPsH4zmf:12
[   73224ms] [ERROR] Flag key "headerUpgradeCta" does not exist in PostHog flag store @ https://frontend-assets.supabase.com/studio/89e291adecd8/_next/static/chunks/0awe-cgxr6t0e.js?dpl=dpl_BcwLyW5gdEP9f6BmxPVcmPsH4zmf:12
[   73681ms] [ERROR] Flag key "headerUpgradeCta" does not exist in PostHog flag store @ https://frontend-assets.supabase.com/studio/89e291adecd8/_next/static/chunks/0awe-cgxr6t0e.js?dpl=dpl_BcwLyW5gdEP9f6BmxPVcmPsH4zmf:12
[   75321ms] [ERROR] Flag key "headerUpgradeCta" does not exist in PostHog flag store @ https://frontend-assets.supabase.com/studio/89e291adecd8/_next/static/chunks/0awe-cgxr6t0e.js?dpl=dpl_BcwLyW5gdEP9f6BmxPVcmPsH4zmf:12
[ 1752528ms] [ERROR] Flag key "headerUpgradeCta" does not exist in PostHog flag store @ https://frontend-assets.supabase.com/studio/89e291adecd8/_next/static/chunks/0awe-cgxr6t0e.js?dpl=dpl_BcwLyW5gdEP9f6BmxPVcmPsH4zmf:12
[ 1988593ms] [ERROR] Failed to load resource: the server responded with a status of 404 () @ https://supabase.com/favicon.ico:0
